// Jest Snapshot v1, https://goo.gl/fbAQLP

exports[`find globs tests should correctly return manifest files when detected by globs 1`] = `
Array [
  Object {
    "contents": Object {
      "data": Array [
        80,
        82,
        69,
        84,
        84,
        89,
        95,
        78,
        65,
        77,
        69,
        61,
        34,
        68,
        101,
        98,
        105,
        97,
        110,
        32,
        71,
        78,
        85,
        47,
        76,
        105,
        110,
        117,
        120,
        32,
        49,
        48,
        32,
        40,
        98,
        117,
        115,
        116,
        101,
        114,
        41,
        34,
        10,
        78,
        65,
        77,
        69,
        61,
        34,
        68,
        101,
        98,
        105,
        97,
        110,
        32,
        71,
        78,
        85,
        47,
        76,
        105,
        110,
        117,
        120,
        34,
        10,
        86,
        69,
        82,
        83,
        73,
        79,
        78,
        95,
        73,
        68,
        61,
        34,
        49,
        48,
        34,
        10,
        86,
        69,
        82,
        83,
        73,
        79,
        78,
        61,
        34,
        49,
        48,
        32,
        40,
        98,
        117,
        115,
        116,
        101,
        114,
        41,
        34,
        10,
        86,
        69,
        82,
        83,
        73,
        79,
        78,
        95,
        67,
        79,
        68,
        69,
        78,
        65,
        77,
        69,
        61,
        98,
        117,
        115,
        116,
        101,
        114,
        10,
        73,
        68,
        61,
        100,
        101,
        98,
        105,
        97,
        110,
        10,
        72,
        79,
        77,
        69,
        95,
        85,
        82,
        76,
        61,
        34,
        104,
        116,
        116,
        112,
        115,
        58,
        47,
        47,
        119,
        119,
        119,
        46,
        100,
        101,
        98,
        105,
        97,
        110,
        46,
        111,
        114,
        103,
        47,
        34,
        10,
        83,
        85,
        80,
        80,
        79,
        82,
        84,
        95,
        85,
        82,
        76,
        61,
        34,
        104,
        116,
        116,
        112,
        115,
        58,
        47,
        47,
        119,
        119,
        119,
        46,
        100,
        101,
        98,
        105,
        97,
        110,
        46,
        111,
        114,
        103,
        47,
        115,
        117,
        112,
        112,
        111,
        114,
        116,
        34,
        10,
        66,
        85,
        71,
        95,
        82,
        69,
        80,
        79,
        82,
        84,
        95,
        85,
        82,
        76,
        61,
        34,
        104,
        116,
        116,
        112,
        115,
        58,
        47,
        47,
        98,
        117,
        103,
        115,
        46,
        100,
        101,
        98,
        105,
        97,
        110,
        46,
        111,
        114,
        103,
        47,
        34,
        10,
      ],
      "type": "Buffer",
    },
    "name": "os-release",
    "path": "/usr/lib",
  },
]
`;
