// Jest Snapshot v1, https://goo.gl/fbAQLP

exports[`ARM platform tests should correctly scan an ARM image 1`] = `
Object {
  "manifestFiles": undefined,
  "scanResults": Array [
    Object {
      "facts": Array [
        Object {
          "data": Object {
            "graph": Object {
              "nodes": Array [
                Object {
                  "deps": Array [
                    Object {
                      "nodeId": "alpine-baselayout/alpine-baselayout@3.2.0-r6",
                    },
                    Object {
                      "nodeId": "alpine-keys/alpine-keys@2.2-r0",
                    },
                    Object {
                      "nodeId": "apk-tools/apk-tools@2.10.5-r1",
                    },
                    Object {
                      "nodeId": "brotli/brotli-libs@1.0.7-r5",
                    },
                    Object {
                      "nodeId": "busybox/busybox@1.31.1-r16",
                    },
                    Object {
                      "nodeId": "busybox/ssl_client@1.31.1-r16",
                    },
                    Object {
                      "nodeId": "bzip2/libbz2@1.0.8-r1",
                    },
                    Object {
                      "nodeId": "ca-certificates/ca-certificates@20191127-r4|1",
                    },
                    Object {
                      "nodeId": "ca-certificates/ca-certificates-bundle@20191127-r2",
                    },
                    Object {
                      "nodeId": "curl/curl@7.69.1-r0",
                    },
                    Object {
                      "nodeId": "curl/libcurl@7.69.1-r0|2",
                    },
                    Object {
                      "nodeId": "freetype/freetype@2.10.2-r0|1",
                    },
                    Object {
                      "nodeId": "gd/libgd@2.3.0-r1|1",
                    },
                    Object {
                      "nodeId": "geoip/geoip@1.6.12-r1",
                    },
                    Object {
                      "nodeId": "gettext/libintl@0.20.2-r0",
                    },
                    Object {
                      "nodeId": "libc-dev/libc-utils@0.7.2-r3",
                    },
                    Object {
                      "nodeId": "libedit/libedit@20191231.3.1-r0|1",
                    },
                    Object {
                      "nodeId": "libgcrypt/libgcrypt@1.8.5-r0|1",
                    },
                    Object {
                      "nodeId": "libgpg-error/libgpg-error@1.37-r0",
                    },
                    Object {
                      "nodeId": "libjpeg-turbo/libjpeg-turbo@2.0.5-r0",
                    },
                    Object {
                      "nodeId": "libpng/libpng@1.6.37-r1|2",
                    },
                    Object {
                      "nodeId": "libtls-standalone/libtls-standalone@2.9.1-r1|2",
                    },
                    Object {
                      "nodeId": "libwebp/libwebp@1.1.0-r0",
                    },
                    Object {
                      "nodeId": "libxml2/libxml2@2.9.10-r4|1",
                    },
                    Object {
                      "nodeId": "libxslt/libxslt@1.1.34-r0|1",
                    },
                    Object {
                      "nodeId": "meta-common-packages@meta",
                    },
                    Object {
                      "nodeId": "musl/musl-utils@1.1.24-r8|2",
                    },
                    Object {
                      "nodeId": "ncurses/ncurses-libs@6.2_p20200523-r0|2",
                    },
                    Object {
                      "nodeId": "ncurses/ncurses-terminfo-base@6.2_p20200523-r0",
                    },
                    Object {
                      "nodeId": "nghttp2/nghttp2-libs@1.41.0-r0",
                    },
                    Object {
                      "nodeId": "nginx-module-geoip/nginx-module-geoip@1.19.2-r1",
                    },
                    Object {
                      "nodeId": "nginx-module-image-filter/nginx-module-image-filter@1.19.2-r1",
                    },
                    Object {
                      "nodeId": "nginx-module-njs/nginx-module-njs@1.19.2.0.4.3-r1",
                    },
                    Object {
                      "nodeId": "nginx-module-xslt/nginx-module-xslt@1.19.2-r1",
                    },
                    Object {
                      "nodeId": "nginx/nginx@1.19.2-r1|2",
                    },
                    Object {
                      "nodeId": "openssl/libcrypto1.1@1.1.1g-r0",
                    },
                    Object {
                      "nodeId": "openssl/libssl1.1@1.1.1g-r0|2",
                    },
                    Object {
                      "nodeId": "pax-utils/scanelf@1.2.6-r0",
                    },
                    Object {
                      "nodeId": "pcre/pcre@8.44-r0",
                    },
                    Object {
                      "nodeId": "tzdata/tzdata@2020a-r0",
                    },
                    Object {
                      "nodeId": "xz/xz-libs@5.2.5-r0",
                    },
                    Object {
                      "nodeId": "zlib/zlib@1.2.11-r3",
                    },
                  ],
                  "nodeId": "root-node",
                  "pkgId": "docker-image|arm64v8/nginx@1.19.2-alpine",
                },
                Object {
                  "deps": Array [],
                  "nodeId": "busybox/busybox@1.31.1-r16",
                  "pkgId": "busybox/busybox@1.31.1-r16",
                },
                Object {
                  "deps": Array [
                    Object {
                      "nodeId": "busybox/busybox@1.31.1-r16",
                    },
                  ],
                  "nodeId": "alpine-baselayout/alpine-baselayout@3.2.0-r6",
                  "pkgId": "alpine-baselayout/alpine-baselayout@3.2.0-r6",
                },
                Object {
                  "deps": Array [],
                  "nodeId": "alpine-keys/alpine-keys@2.2-r0",
                  "pkgId": "alpine-keys/alpine-keys@2.2-r0",
                },
                Object {
                  "deps": Array [],
                  "nodeId": "openssl/libcrypto1.1@1.1.1g-r0",
                  "pkgId": "openssl/libcrypto1.1@1.1.1g-r0",
                },
                Object {
                  "deps": Array [],
                  "nodeId": "openssl/libssl1.1@1.1.1g-r0|1",
                  "pkgId": "openssl/libssl1.1@1.1.1g-r0",
                },
                Object {
                  "deps": Array [
                    Object {
                      "nodeId": "openssl/libcrypto1.1@1.1.1g-r0",
                    },
                  ],
                  "nodeId": "openssl/libssl1.1@1.1.1g-r0|2",
                  "pkgId": "openssl/libssl1.1@1.1.1g-r0",
                },
                Object {
                  "deps": Array [],
                  "nodeId": "zlib/zlib@1.2.11-r3",
                  "pkgId": "zlib/zlib@1.2.11-r3",
                },
                Object {
                  "deps": Array [
                    Object {
                      "nodeId": "openssl/libcrypto1.1@1.1.1g-r0",
                    },
                    Object {
                      "nodeId": "openssl/libssl1.1@1.1.1g-r0|1",
                    },
                    Object {
                      "nodeId": "zlib/zlib@1.2.11-r3",
                    },
                  ],
                  "nodeId": "apk-tools/apk-tools@2.10.5-r1",
                  "pkgId": "apk-tools/apk-tools@2.10.5-r1",
                },
                Object {
                  "deps": Array [],
                  "nodeId": "brotli/brotli-libs@1.0.7-r5",
                  "pkgId": "brotli/brotli-libs@1.0.7-r5",
                },
                Object {
                  "deps": Array [],
                  "nodeId": "libtls-standalone/libtls-standalone@2.9.1-r1|1",
                  "pkgId": "libtls-standalone/libtls-standalone@2.9.1-r1",
                },
                Object {
                  "deps": Array [
                    Object {
                      "nodeId": "ca-certificates/ca-certificates-bundle@20191127-r2",
                    },
                    Object {
                      "nodeId": "openssl/libcrypto1.1@1.1.1g-r0",
                    },
                    Object {
                      "nodeId": "openssl/libssl1.1@1.1.1g-r0|1",
                    },
                  ],
                  "nodeId": "libtls-standalone/libtls-standalone@2.9.1-r1|2",
                  "pkgId": "libtls-standalone/libtls-standalone@2.9.1-r1",
                },
                Object {
                  "deps": Array [
                    Object {
                      "nodeId": "libtls-standalone/libtls-standalone@2.9.1-r1|1",
                    },
                  ],
                  "nodeId": "busybox/ssl_client@1.31.1-r16",
                  "pkgId": "busybox/ssl_client@1.31.1-r16",
                },
                Object {
                  "deps": Array [],
                  "nodeId": "bzip2/libbz2@1.0.8-r1",
                  "pkgId": "bzip2/libbz2@1.0.8-r1",
                },
                Object {
                  "deps": Array [
                    Object {
                      "nodeId": "busybox/busybox@1.31.1-r16",
                    },
                    Object {
                      "nodeId": "openssl/libcrypto1.1@1.1.1g-r0",
                    },
                  ],
                  "nodeId": "ca-certificates/ca-certificates@20191127-r4|1",
                  "pkgId": "ca-certificates/ca-certificates@20191127-r4",
                },
                Object {
                  "deps": Array [],
                  "nodeId": "ca-certificates/ca-certificates@20191127-r4|2",
                  "pkgId": "ca-certificates/ca-certificates@20191127-r4",
                },
                Object {
                  "deps": Array [],
                  "nodeId": "ca-certificates/ca-certificates-bundle@20191127-r2",
                  "pkgId": "ca-certificates/ca-certificates-bundle@20191127-r2",
                },
                Object {
                  "deps": Array [],
                  "nodeId": "curl/libcurl@7.69.1-r0|1",
                  "pkgId": "curl/libcurl@7.69.1-r0",
                },
                Object {
                  "deps": Array [
                    Object {
                      "nodeId": "ca-certificates/ca-certificates@20191127-r4|2",
                    },
                    Object {
                      "nodeId": "nghttp2/nghttp2-libs@1.41.0-r0",
                    },
                    Object {
                      "nodeId": "openssl/libcrypto1.1@1.1.1g-r0",
                    },
                    Object {
                      "nodeId": "openssl/libssl1.1@1.1.1g-r0|1",
                    },
                    Object {
                      "nodeId": "zlib/zlib@1.2.11-r3",
                    },
                  ],
                  "nodeId": "curl/libcurl@7.69.1-r0|2",
                  "pkgId": "curl/libcurl@7.69.1-r0",
                },
                Object {
                  "deps": Array [
                    Object {
                      "nodeId": "ca-certificates/ca-certificates@20191127-r4|2",
                    },
                    Object {
                      "nodeId": "curl/libcurl@7.69.1-r0|1",
                    },
                    Object {
                      "nodeId": "zlib/zlib@1.2.11-r3",
                    },
                  ],
                  "nodeId": "curl/curl@7.69.1-r0",
                  "pkgId": "curl/curl@7.69.1-r0",
                },
                Object {
                  "deps": Array [],
                  "nodeId": "nghttp2/nghttp2-libs@1.41.0-r0",
                  "pkgId": "nghttp2/nghttp2-libs@1.41.0-r0",
                },
                Object {
                  "deps": Array [],
                  "nodeId": "libpng/libpng@1.6.37-r1|1",
                  "pkgId": "libpng/libpng@1.6.37-r1",
                },
                Object {
                  "deps": Array [
                    Object {
                      "nodeId": "zlib/zlib@1.2.11-r3",
                    },
                  ],
                  "nodeId": "libpng/libpng@1.6.37-r1|2",
                  "pkgId": "libpng/libpng@1.6.37-r1",
                },
                Object {
                  "deps": Array [
                    Object {
                      "nodeId": "brotli/brotli-libs@1.0.7-r5",
                    },
                    Object {
                      "nodeId": "bzip2/libbz2@1.0.8-r1",
                    },
                    Object {
                      "nodeId": "libpng/libpng@1.6.37-r1|1",
                    },
                    Object {
                      "nodeId": "zlib/zlib@1.2.11-r3",
                    },
                  ],
                  "nodeId": "freetype/freetype@2.10.2-r0|1",
                  "pkgId": "freetype/freetype@2.10.2-r0",
                },
                Object {
                  "deps": Array [],
                  "nodeId": "freetype/freetype@2.10.2-r0|2",
                  "pkgId": "freetype/freetype@2.10.2-r0",
                },
                Object {
                  "deps": Array [],
                  "nodeId": "libjpeg-turbo/libjpeg-turbo@2.0.5-r0",
                  "pkgId": "libjpeg-turbo/libjpeg-turbo@2.0.5-r0",
                },
                Object {
                  "deps": Array [],
                  "nodeId": "libwebp/libwebp@1.1.0-r0",
                  "pkgId": "libwebp/libwebp@1.1.0-r0",
                },
                Object {
                  "deps": Array [
                    Object {
                      "nodeId": "freetype/freetype@2.10.2-r0|2",
                    },
                    Object {
                      "nodeId": "libjpeg-turbo/libjpeg-turbo@2.0.5-r0",
                    },
                    Object {
                      "nodeId": "libpng/libpng@1.6.37-r1|1",
                    },
                    Object {
                      "nodeId": "libwebp/libwebp@1.1.0-r0",
                    },
                    Object {
                      "nodeId": "zlib/zlib@1.2.11-r3",
                    },
                  ],
                  "nodeId": "gd/libgd@2.3.0-r1|1",
                  "pkgId": "gd/libgd@2.3.0-r1",
                },
                Object {
                  "deps": Array [],
                  "nodeId": "gd/libgd@2.3.0-r1|2",
                  "pkgId": "gd/libgd@2.3.0-r1",
                },
                Object {
                  "deps": Array [],
                  "nodeId": "geoip/geoip@1.6.12-r1",
                  "pkgId": "geoip/geoip@1.6.12-r1",
                },
                Object {
                  "deps": Array [],
                  "nodeId": "gettext/libintl@0.20.2-r0",
                  "pkgId": "gettext/libintl@0.20.2-r0",
                },
                Object {
                  "deps": Array [],
                  "nodeId": "musl/musl-utils@1.1.24-r8|1",
                  "pkgId": "musl/musl-utils@1.1.24-r8",
                },
                Object {
                  "deps": Array [
                    Object {
                      "nodeId": "pax-utils/scanelf@1.2.6-r0",
                    },
                  ],
                  "nodeId": "musl/musl-utils@1.1.24-r8|2",
                  "pkgId": "musl/musl-utils@1.1.24-r8",
                },
                Object {
                  "deps": Array [
                    Object {
                      "nodeId": "musl/musl-utils@1.1.24-r8|1",
                    },
                  ],
                  "nodeId": "libc-dev/libc-utils@0.7.2-r3",
                  "pkgId": "libc-dev/libc-utils@0.7.2-r3",
                },
                Object {
                  "deps": Array [],
                  "nodeId": "ncurses/ncurses-libs@6.2_p20200523-r0|1",
                  "pkgId": "ncurses/ncurses-libs@6.2_p20200523-r0",
                },
                Object {
                  "deps": Array [
                    Object {
                      "nodeId": "ncurses/ncurses-terminfo-base@6.2_p20200523-r0",
                    },
                  ],
                  "nodeId": "ncurses/ncurses-libs@6.2_p20200523-r0|2",
                  "pkgId": "ncurses/ncurses-libs@6.2_p20200523-r0",
                },
                Object {
                  "deps": Array [
                    Object {
                      "nodeId": "ncurses/ncurses-libs@6.2_p20200523-r0|1",
                    },
                  ],
                  "nodeId": "libedit/libedit@20191231.3.1-r0|1",
                  "pkgId": "libedit/libedit@20191231.3.1-r0",
                },
                Object {
                  "deps": Array [],
                  "nodeId": "libedit/libedit@20191231.3.1-r0|2",
                  "pkgId": "libedit/libedit@20191231.3.1-r0",
                },
                Object {
                  "deps": Array [],
                  "nodeId": "libgpg-error/libgpg-error@1.37-r0",
                  "pkgId": "libgpg-error/libgpg-error@1.37-r0",
                },
                Object {
                  "deps": Array [
                    Object {
                      "nodeId": "libgpg-error/libgpg-error@1.37-r0",
                    },
                  ],
                  "nodeId": "libgcrypt/libgcrypt@1.8.5-r0|1",
                  "pkgId": "libgcrypt/libgcrypt@1.8.5-r0",
                },
                Object {
                  "deps": Array [],
                  "nodeId": "libgcrypt/libgcrypt@1.8.5-r0|2",
                  "pkgId": "libgcrypt/libgcrypt@1.8.5-r0",
                },
                Object {
                  "deps": Array [],
                  "nodeId": "xz/xz-libs@5.2.5-r0",
                  "pkgId": "xz/xz-libs@5.2.5-r0",
                },
                Object {
                  "deps": Array [
                    Object {
                      "nodeId": "xz/xz-libs@5.2.5-r0",
                    },
                    Object {
                      "nodeId": "zlib/zlib@1.2.11-r3",
                    },
                  ],
                  "nodeId": "libxml2/libxml2@2.9.10-r4|1",
                  "pkgId": "libxml2/libxml2@2.9.10-r4",
                },
                Object {
                  "deps": Array [],
                  "nodeId": "libxml2/libxml2@2.9.10-r4|2",
                  "pkgId": "libxml2/libxml2@2.9.10-r4",
                },
                Object {
                  "deps": Array [
                    Object {
                      "nodeId": "libgcrypt/libgcrypt@1.8.5-r0|2",
                    },
                    Object {
                      "nodeId": "libxml2/libxml2@2.9.10-r4|2",
                    },
                  ],
                  "nodeId": "libxslt/libxslt@1.1.34-r0|1",
                  "pkgId": "libxslt/libxslt@1.1.34-r0",
                },
                Object {
                  "deps": Array [],
                  "nodeId": "libxslt/libxslt@1.1.34-r0|2",
                  "pkgId": "libxslt/libxslt@1.1.34-r0",
                },
                Object {
                  "deps": Array [],
                  "nodeId": "musl/musl@1.1.24-r9",
                  "pkgId": "musl/musl@1.1.24-r9",
                },
                Object {
                  "deps": Array [
                    Object {
                      "nodeId": "musl/musl@1.1.24-r9",
                    },
                  ],
                  "nodeId": "meta-common-packages@meta",
                  "pkgId": "meta-common-packages@meta",
                },
                Object {
                  "deps": Array [],
                  "nodeId": "pax-utils/scanelf@1.2.6-r0",
                  "pkgId": "pax-utils/scanelf@1.2.6-r0",
                },
                Object {
                  "deps": Array [],
                  "nodeId": "ncurses/ncurses-terminfo-base@6.2_p20200523-r0",
                  "pkgId": "ncurses/ncurses-terminfo-base@6.2_p20200523-r0",
                },
                Object {
                  "deps": Array [],
                  "nodeId": "nginx/nginx@1.19.2-r1|1",
                  "pkgId": "nginx/nginx@1.19.2-r1",
                },
                Object {
                  "deps": Array [
                    Object {
                      "nodeId": "busybox/busybox@1.31.1-r16",
                    },
                    Object {
                      "nodeId": "openssl/libcrypto1.1@1.1.1g-r0",
                    },
                    Object {
                      "nodeId": "openssl/libssl1.1@1.1.1g-r0|1",
                    },
                    Object {
                      "nodeId": "pcre/pcre@8.44-r0",
                    },
                    Object {
                      "nodeId": "zlib/zlib@1.2.11-r3",
                    },
                  ],
                  "nodeId": "nginx/nginx@1.19.2-r1|2",
                  "pkgId": "nginx/nginx@1.19.2-r1",
                },
                Object {
                  "deps": Array [
                    Object {
                      "nodeId": "busybox/busybox@1.31.1-r16",
                    },
                    Object {
                      "nodeId": "geoip/geoip@1.6.12-r1",
                    },
                    Object {
                      "nodeId": "nginx/nginx@1.19.2-r1|1",
                    },
                  ],
                  "nodeId": "nginx-module-geoip/nginx-module-geoip@1.19.2-r1",
                  "pkgId": "nginx-module-geoip/nginx-module-geoip@1.19.2-r1",
                },
                Object {
                  "deps": Array [
                    Object {
                      "nodeId": "busybox/busybox@1.31.1-r16",
                    },
                    Object {
                      "nodeId": "gd/libgd@2.3.0-r1|2",
                    },
                    Object {
                      "nodeId": "nginx/nginx@1.19.2-r1|1",
                    },
                  ],
                  "nodeId": "nginx-module-image-filter/nginx-module-image-filter@1.19.2-r1",
                  "pkgId": "nginx-module-image-filter/nginx-module-image-filter@1.19.2-r1",
                },
                Object {
                  "deps": Array [],
                  "nodeId": "pcre/pcre@8.44-r0",
                  "pkgId": "pcre/pcre@8.44-r0",
                },
                Object {
                  "deps": Array [
                    Object {
                      "nodeId": "busybox/busybox@1.31.1-r16",
                    },
                    Object {
                      "nodeId": "libedit/libedit@20191231.3.1-r0|2",
                    },
                    Object {
                      "nodeId": "nginx/nginx@1.19.2-r1|1",
                    },
                    Object {
                      "nodeId": "pcre/pcre@8.44-r0",
                    },
                  ],
                  "nodeId": "nginx-module-njs/nginx-module-njs@1.19.2.0.4.3-r1",
                  "pkgId": "nginx-module-njs/nginx-module-njs@1.19.2.0.4.3-r1",
                },
                Object {
                  "deps": Array [
                    Object {
                      "nodeId": "busybox/busybox@1.31.1-r16",
                    },
                    Object {
                      "nodeId": "libxml2/libxml2@2.9.10-r4|2",
                    },
                    Object {
                      "nodeId": "libxslt/libxslt@1.1.34-r0|2",
                    },
                    Object {
                      "nodeId": "nginx/nginx@1.19.2-r1|1",
                    },
                  ],
                  "nodeId": "nginx-module-xslt/nginx-module-xslt@1.19.2-r1",
                  "pkgId": "nginx-module-xslt/nginx-module-xslt@1.19.2-r1",
                },
                Object {
                  "deps": Array [],
                  "nodeId": "tzdata/tzdata@2020a-r0",
                  "pkgId": "tzdata/tzdata@2020a-r0",
                },
              ],
              "rootNodeId": "root-node",
            },
            "pkgManager": Object {
              "name": "apk",
              "repositories": Array [
                Object {
                  "alias": "alpine:3.12.0",
                },
              ],
            },
            "pkgs": Array [
              Object {
                "id": "docker-image|arm64v8/nginx@1.19.2-alpine",
                "info": Object {
                  "name": "docker-image|arm64v8/nginx",
                  "version": "1.19.2-alpine",
                },
              },
              Object {
                "id": "busybox/busybox@1.31.1-r16",
                "info": Object {
                  "name": "busybox/busybox",
                  "version": "1.31.1-r16",
                },
              },
              Object {
                "id": "alpine-baselayout/alpine-baselayout@3.2.0-r6",
                "info": Object {
                  "name": "alpine-baselayout/alpine-baselayout",
                  "version": "3.2.0-r6",
                },
              },
              Object {
                "id": "alpine-keys/alpine-keys@2.2-r0",
                "info": Object {
                  "name": "alpine-keys/alpine-keys",
                  "version": "2.2-r0",
                },
              },
              Object {
                "id": "openssl/libcrypto1.1@1.1.1g-r0",
                "info": Object {
                  "name": "openssl/libcrypto1.1",
                  "version": "1.1.1g-r0",
                },
              },
              Object {
                "id": "openssl/libssl1.1@1.1.1g-r0",
                "info": Object {
                  "name": "openssl/libssl1.1",
                  "version": "1.1.1g-r0",
                },
              },
              Object {
                "id": "zlib/zlib@1.2.11-r3",
                "info": Object {
                  "name": "zlib/zlib",
                  "version": "1.2.11-r3",
                },
              },
              Object {
                "id": "apk-tools/apk-tools@2.10.5-r1",
                "info": Object {
                  "name": "apk-tools/apk-tools",
                  "version": "2.10.5-r1",
                },
              },
              Object {
                "id": "brotli/brotli-libs@1.0.7-r5",
                "info": Object {
                  "name": "brotli/brotli-libs",
                  "version": "1.0.7-r5",
                },
              },
              Object {
                "id": "libtls-standalone/libtls-standalone@2.9.1-r1",
                "info": Object {
                  "name": "libtls-standalone/libtls-standalone",
                  "version": "2.9.1-r1",
                },
              },
              Object {
                "id": "busybox/ssl_client@1.31.1-r16",
                "info": Object {
                  "name": "busybox/ssl_client",
                  "version": "1.31.1-r16",
                },
              },
              Object {
                "id": "bzip2/libbz2@1.0.8-r1",
                "info": Object {
                  "name": "bzip2/libbz2",
                  "version": "1.0.8-r1",
                },
              },
              Object {
                "id": "ca-certificates/ca-certificates@20191127-r4",
                "info": Object {
                  "name": "ca-certificates/ca-certificates",
                  "version": "20191127-r4",
                },
              },
              Object {
                "id": "ca-certificates/ca-certificates-bundle@20191127-r2",
                "info": Object {
                  "name": "ca-certificates/ca-certificates-bundle",
                  "version": "20191127-r2",
                },
              },
              Object {
                "id": "curl/libcurl@7.69.1-r0",
                "info": Object {
                  "name": "curl/libcurl",
                  "version": "7.69.1-r0",
                },
              },
              Object {
                "id": "curl/curl@7.69.1-r0",
                "info": Object {
                  "name": "curl/curl",
                  "version": "7.69.1-r0",
                },
              },
              Object {
                "id": "nghttp2/nghttp2-libs@1.41.0-r0",
                "info": Object {
                  "name": "nghttp2/nghttp2-libs",
                  "version": "1.41.0-r0",
                },
              },
              Object {
                "id": "libpng/libpng@1.6.37-r1",
                "info": Object {
                  "name": "libpng/libpng",
                  "version": "1.6.37-r1",
                },
              },
              Object {
                "id": "freetype/freetype@2.10.2-r0",
                "info": Object {
                  "name": "freetype/freetype",
                  "version": "2.10.2-r0",
                },
              },
              Object {
                "id": "libjpeg-turbo/libjpeg-turbo@2.0.5-r0",
                "info": Object {
                  "name": "libjpeg-turbo/libjpeg-turbo",
                  "version": "2.0.5-r0",
                },
              },
              Object {
                "id": "libwebp/libwebp@1.1.0-r0",
                "info": Object {
                  "name": "libwebp/libwebp",
                  "version": "1.1.0-r0",
                },
              },
              Object {
                "id": "gd/libgd@2.3.0-r1",
                "info": Object {
                  "name": "gd/libgd",
                  "version": "2.3.0-r1",
                },
              },
              Object {
                "id": "geoip/geoip@1.6.12-r1",
                "info": Object {
                  "name": "geoip/geoip",
                  "version": "1.6.12-r1",
                },
              },
              Object {
                "id": "gettext/libintl@0.20.2-r0",
                "info": Object {
                  "name": "gettext/libintl",
                  "version": "0.20.2-r0",
                },
              },
              Object {
                "id": "musl/musl-utils@1.1.24-r8",
                "info": Object {
                  "name": "musl/musl-utils",
                  "version": "1.1.24-r8",
                },
              },
              Object {
                "id": "libc-dev/libc-utils@0.7.2-r3",
                "info": Object {
                  "name": "libc-dev/libc-utils",
                  "version": "0.7.2-r3",
                },
              },
              Object {
                "id": "ncurses/ncurses-libs@6.2_p20200523-r0",
                "info": Object {
                  "name": "ncurses/ncurses-libs",
                  "version": "6.2_p20200523-r0",
                },
              },
              Object {
                "id": "libedit/libedit@20191231.3.1-r0",
                "info": Object {
                  "name": "libedit/libedit",
                  "version": "20191231.3.1-r0",
                },
              },
              Object {
                "id": "libgpg-error/libgpg-error@1.37-r0",
                "info": Object {
                  "name": "libgpg-error/libgpg-error",
                  "version": "1.37-r0",
                },
              },
              Object {
                "id": "libgcrypt/libgcrypt@1.8.5-r0",
                "info": Object {
                  "name": "libgcrypt/libgcrypt",
                  "version": "1.8.5-r0",
                },
              },
              Object {
                "id": "xz/xz-libs@5.2.5-r0",
                "info": Object {
                  "name": "xz/xz-libs",
                  "version": "5.2.5-r0",
                },
              },
              Object {
                "id": "libxml2/libxml2@2.9.10-r4",
                "info": Object {
                  "name": "libxml2/libxml2",
                  "version": "2.9.10-r4",
                },
              },
              Object {
                "id": "libxslt/libxslt@1.1.34-r0",
                "info": Object {
                  "name": "libxslt/libxslt",
                  "version": "1.1.34-r0",
                },
              },
              Object {
                "id": "musl/musl@1.1.24-r9",
                "info": Object {
                  "name": "musl/musl",
                  "version": "1.1.24-r9",
                },
              },
              Object {
                "id": "meta-common-packages@meta",
                "info": Object {
                  "name": "meta-common-packages",
                  "version": "meta",
                },
              },
              Object {
                "id": "pax-utils/scanelf@1.2.6-r0",
                "info": Object {
                  "name": "pax-utils/scanelf",
                  "version": "1.2.6-r0",
                },
              },
              Object {
                "id": "ncurses/ncurses-terminfo-base@6.2_p20200523-r0",
                "info": Object {
                  "name": "ncurses/ncurses-terminfo-base",
                  "version": "6.2_p20200523-r0",
                },
              },
              Object {
                "id": "nginx/nginx@1.19.2-r1",
                "info": Object {
                  "name": "nginx/nginx",
                  "version": "1.19.2-r1",
                },
              },
              Object {
                "id": "nginx-module-geoip/nginx-module-geoip@1.19.2-r1",
                "info": Object {
                  "name": "nginx-module-geoip/nginx-module-geoip",
                  "version": "1.19.2-r1",
                },
              },
              Object {
                "id": "nginx-module-image-filter/nginx-module-image-filter@1.19.2-r1",
                "info": Object {
                  "name": "nginx-module-image-filter/nginx-module-image-filter",
                  "version": "1.19.2-r1",
                },
              },
              Object {
                "id": "pcre/pcre@8.44-r0",
                "info": Object {
                  "name": "pcre/pcre",
                  "version": "8.44-r0",
                },
              },
              Object {
                "id": "nginx-module-njs/nginx-module-njs@1.19.2.0.4.3-r1",
                "info": Object {
                  "name": "nginx-module-njs/nginx-module-njs",
                  "version": "1.19.2.0.4.3-r1",
                },
              },
              Object {
                "id": "nginx-module-xslt/nginx-module-xslt@1.19.2-r1",
                "info": Object {
                  "name": "nginx-module-xslt/nginx-module-xslt",
                  "version": "1.19.2-r1",
                },
              },
              Object {
                "id": "tzdata/tzdata@2020a-r0",
                "info": Object {
                  "name": "tzdata/tzdata",
                  "version": "2020a-r0",
                },
              },
            ],
            "schemaVersion": "1.2.0",
          },
          "type": "depGraph",
        },
        Object {
          "data": "068614b905e936c8385dfe78226faa7329858b327edb0236eadd1f1c7d0903f8",
          "type": "imageId",
        },
        Object {
          "data": Array [
            "5390ea421a6d4930f333f3c7d1aa28b46e12899a7d04ad840bf6bc05d1cf43a1/layer.tar",
            "5e1163caba8b73499bf6405fc73292f2ef1938ba3b0bf27f01e6b5553f884a28/layer.tar",
            "6aad3b5cb2f3de036559687b1cc64145830274cee6dc083938d2fa7f69628f12/layer.tar",
            "3dc47ad2322610bae7cd618423f5e4e93060734af1cb408c0e13127249c1ca58/layer.tar",
            "63125b20e0223a5453c70f72b710f126dfa2b7f55d210f145d6c460a3ae58ef4/layer.tar",
          ],
          "type": "imageLayers",
        },
        Object {
          "data": Array [
            "sha256:e2f13739ad415e6f8d9f73253910e4984563a1ec98bd0e0af715fc2c74dfe84b",
            "sha256:00e7d2cc2a5924431554f4bf5f0661d4c10e2b83b7cc7b3ae49273a219b16f45",
            "sha256:bc622f3d17f980364ca082b5d9a29bb42d67c95422090b3c42f63a2361e9e5da",
            "sha256:badb783a0ee342fd46af0cc96b7fcc11d210270e5d6ee042d7ce0d43c32d2b3e",
            "sha256:f7c06e5938e23ff2912b3147d72ed0d2496d260e24a9b1de2c0b479a5b0e4b79",
          ],
          "type": "rootFs",
        },
        Object {
          "data": "Alpine Linux v3.12",
          "type": "imageOsReleasePrettyName",
        },
      ],
      "identity": Object {
        "args": Object {
          "platform": "linux/arm64",
        },
        "type": "apk",
      },
      "target": Object {
        "image": "docker-image|arm64v8/nginx",
      },
    },
  ],
}
`;
